// Jest Snapshot v1, https://goo.gl/fbAQLP

exports[`graph config link types 1`] = `
<symbol
  id="rectLink"
/>
`;

exports[`graph config node types 1`] = `
<symbol
  id="rect"
>
  <rect
    height="100%"
    id="rect"
    rx="5"
    width="100%"
  />
</symbol>
`;
